17:36:41 **** Incremental Build of configuration Debug for project LED_Blink ****
Info: Internal Builder is used for build
arm-atollic-eabi-gcc -c -mthumb -mcpu=cortex-m3 -std=gnu11 -DUSE_HAL_DRIVER -DSTM32F103xB -I../Core/Inc -I../Drivers/STM32F1xx_HAL_Driver/Inc -I../Drivers/STM32F1xx_HAL_Driver/Inc/Legacy -I../Drivers/CMSIS/Device/ST/STM32F1xx/Include -I../Drivers/CMSIS/Include -ffunction-sections -fdata-sections -g -fstack-usage -Wall -specs=nano.specs -o Core\Src\main.o ..\Core\Src\main.c 
arm-atollic-eabi-gcc -o LED_Blink.elf Core\Src\main.o Core\Src\stm32f1xx_hal_msp.o Core\Src\stm32f1xx_it.o Core\Src\syscalls.o Core\Src\system_stm32f1xx.o Drivers\STM32F1xx_HAL_Driver\Src\stm32f1xx_hal.o Drivers\STM32F1xx_HAL_Driver\Src\stm32f1xx_hal_cortex.o Drivers\STM32F1xx_HAL_Driver\Src\stm32f1xx_hal_dma.o Drivers\STM32F1xx_HAL_Driver\Src\stm32f1xx_hal_exti.o Drivers\STM32F1xx_HAL_Driver\Src\stm32f1xx_hal_flash.o Drivers\STM32F1xx_HAL_Driver\Src\stm32f1xx_hal_flash_ex.o Drivers\STM32F1xx_HAL_Driver\Src\stm32f1xx_hal_gpio.o Drivers\STM32F1xx_HAL_Driver\Src\stm32f1xx_hal_gpio_ex.o Drivers\STM32F1xx_HAL_Driver\Src\stm32f1xx_hal_pwr.o Drivers\STM32F1xx_HAL_Driver\Src\stm32f1xx_hal_rcc.o Drivers\STM32F1xx_HAL_Driver\Src\stm32f1xx_hal_rcc_ex.o Drivers\STM32F1xx_HAL_Driver\Src\stm32f1xx_hal_tim.o Drivers\STM32F1xx_HAL_Driver\Src\stm32f1xx_hal_tim_ex.o Drivers\STM32F1xx_HAL_Driver\Src\stm32f1xx_hal_uart.o startup\startup_stm32f103xb.o -mthumb -mcpu=cortex-m3 -T../STM32F103RB_FLASH.ld -specs=nosys.specs -static -Wl,-Map=LED_Blink.map -Wl,--gc-sections -Wl,--defsym=malloc_getpagesize_P=0x80 -Wl,--start-group -lc -lm -Wl,--end-group -specs=nano.specs 
C:\Program Files (x86)\Atollic\TrueSTUDIO for STM32 9.3.0\ide\jre\bin\java -jar C:\Program Files (x86)\Atollic\TrueSTUDIO for STM32 9.3.0\Tools\arm-atollic-reports.jar sizeinfo list LED_Blink.elf 
Generate build reports...
Print size information
   text	   data	    bss	    dec	    hex	filename
   5588	     20	   1632	   7240	   1c48	LED_Blink.elf
Print size information done
Generate listing file
Output sent to: LED_Blink.list
Generate listing file done
Generate build reports done
arm-atollic-eabi-objcopy.exe -O ihex LED_Blink.elf LED_Blink.hex 
Info: Parallel threads used: 1
17:39:41 **** Incremental Build of configuration Debug for project LED_Blink ****
Info: Internal Builder is used for build
arm-atollic-eabi-objcopy.exe -O ihex LED_Blink.elf LED_Blink.hex 
Info: Parallel threads used: 0
17:41:06 **** Incremental Build of configuration Debug for project LED_Blink ****
Info: Internal Builder is used for build
arm-atollic-eabi-objcopy.exe -O ihex LED_Blink.elf LED_Blink.hex 
Info: Parallel threads used: 0
17:42:18 **** Incremental Build of configuration Debug for project LED_Blink ****
Info: Internal Builder is used for build
arm-atollic-eabi-objcopy.exe -O ihex LED_Blink.elf LED_Blink.hex 
Info: Parallel threads used: 0
17:46:01 **** Incremental Build of configuration Debug for project LED_Blink ****
Info: Internal Builder is used for build
arm-atollic-eabi-objcopy.exe -O ihex LED_Blink.elf LED_Blink.hex 
Info: Parallel threads used: 0
